// Jest Snapshot v1, https://goo.gl/fbAQLP

exports[`Filter Component matches snapshot 1`] = `
<DocumentFragment>
  .c0 {
  padding-bottom: 10px;
  width: 342px;
}

.c1 {
  display: block;
  margin-bottom: 10px;
  font-weight: bold;
  color: darkslategrey;
}

.c2 {
  width: 100%;
  padding: 8px;
  box-sizing: border-box;
}

<div
    class="c0"
  >
    <label
      class="c1"
      for="filterInput"
    >
      Filter
    </label>
    <input
      class="c2"
      id="filterInput"
      placeholder="Filter by name"
      type="text"
      value=""
    />
  </div>
</DocumentFragment>
`;
